Archive member included to satisfy reference by file (symbol)

/Applications/ArmGNUToolchain/13.2.Rel1/arm-none-eabi/bin/../lib/gcc/arm-none-eabi/13.2.1/thumb/v6-m/nofp/libgcc.a(_dvmd_tls.o)
                              CMakeFiles/swift-switch-led.dir/Users/schakra4/Documents/Developer/pico/pico-sdk/src/rp2_common/pico_divider/divider.S.obj (__aeabi_idiv0)
/Applications/ArmGNUToolchain/13.2.Rel1/arm-none-eabi/bin/../lib/gcc/arm-none-eabi/13.2.1/../../../../arm-none-eabi/lib/thumb/v6-m/nofp/libc.a(libc_a-calloc.o)
                              CMakeFiles/swift-switch-led.dir/Users/schakra4/Documents/Developer/pico/pico-sdk/src/rp2_common/pico_malloc/pico_malloc.c.obj (calloc)
/Applications/ArmGNUToolchain/13.2.Rel1/arm-none-eabi/bin/../lib/gcc/arm-none-eabi/13.2.1/../../../../arm-none-eabi/lib/thumb/v6-m/nofp/libc.a(libc_a-callocr.o)
                              /Applications/ArmGNUToolchain/13.2.Rel1/arm-none-eabi/bin/../lib/gcc/arm-none-eabi/13.2.1/../../../../arm-none-eabi/lib/thumb/v6-m/nofp/libc.a(libc_a-calloc.o) (_calloc_r)
/Applications/ArmGNUToolchain/13.2.Rel1/arm-none-eabi/bin/../lib/gcc/arm-none-eabi/13.2.1/../../../../arm-none-eabi/lib/thumb/v6-m/nofp/libc.a(libc_a-malloc.o)
                              CMakeFiles/swift-switch-led.dir/Users/schakra4/Documents/Developer/pico/pico-sdk/src/rp2_common/pico_malloc/pico_malloc.c.obj (malloc)
/Applications/ArmGNUToolchain/13.2.Rel1/arm-none-eabi/bin/../lib/gcc/arm-none-eabi/13.2.1/../../../../arm-none-eabi/lib/thumb/v6-m/nofp/libc.a(libc_a-mallocr.o)
                              /Applications/ArmGNUToolchain/13.2.Rel1/arm-none-eabi/bin/../lib/gcc/arm-none-eabi/13.2.1/../../../../arm-none-eabi/lib/thumb/v6-m/nofp/libc.a(libc_a-callocr.o) (_malloc_r)
/Applications/ArmGNUToolchain/13.2.Rel1/arm-none-eabi/bin/../lib/gcc/arm-none-eabi/13.2.1/../../../../arm-none-eabi/lib/thumb/v6-m/nofp/libc.a(libc_a-mlock.o)
                              /Applications/ArmGNUToolchain/13.2.Rel1/arm-none-eabi/bin/../lib/gcc/arm-none-eabi/13.2.1/../../../../arm-none-eabi/lib/thumb/v6-m/nofp/libc.a(libc_a-mallocr.o) (__malloc_lock)
/Applications/ArmGNUToolchain/13.2.Rel1/arm-none-eabi/bin/../lib/gcc/arm-none-eabi/13.2.1/../../../../arm-none-eabi/lib/thumb/v6-m/nofp/libc.a(libc_a-realloc.o)
                              CMakeFiles/swift-switch-led.dir/Users/schakra4/Documents/Developer/pico/pico-sdk/src/rp2_common/pico_malloc/pico_malloc.c.obj (realloc)
/Applications/ArmGNUToolchain/13.2.Rel1/arm-none-eabi/bin/../lib/gcc/arm-none-eabi/13.2.1/../../../../arm-none-eabi/lib/thumb/v6-m/nofp/libc.a(libc_a-reallocr.o)
                              /Applications/ArmGNUToolchain/13.2.Rel1/arm-none-eabi/bin/../lib/gcc/arm-none-eabi/13.2.1/../../../../arm-none-eabi/lib/thumb/v6-m/nofp/libc.a(libc_a-realloc.o) (_realloc_r)
/Applications/ArmGNUToolchain/13.2.Rel1/arm-none-eabi/bin/../lib/gcc/arm-none-eabi/13.2.1/../../../../arm-none-eabi/lib/thumb/v6-m/nofp/libc.a(libc_a-memmove.o)
                              /Applications/ArmGNUToolchain/13.2.Rel1/arm-none-eabi/bin/../lib/gcc/arm-none-eabi/13.2.1/../../../../arm-none-eabi/lib/thumb/v6-m/nofp/libc.a(libc_a-reallocr.o) (memmove)
/Applications/ArmGNUToolchain/13.2.Rel1/arm-none-eabi/bin/../lib/gcc/arm-none-eabi/13.2.1/../../../../arm-none-eabi/lib/thumb/v6-m/nofp/libc.a(libc_a-impure.o)
                              /Applications/ArmGNUToolchain/13.2.Rel1/arm-none-eabi/bin/../lib/gcc/arm-none-eabi/13.2.1/../../../../arm-none-eabi/lib/thumb/v6-m/nofp/libc.a(libc_a-calloc.o) (_impure_ptr)
/Applications/ArmGNUToolchain/13.2.Rel1/arm-none-eabi/bin/../lib/gcc/arm-none-eabi/13.2.1/../../../../arm-none-eabi/lib/thumb/v6-m/nofp/libc.a(libc_a-sbrkr.o)
                              /Applications/ArmGNUToolchain/13.2.Rel1/arm-none-eabi/bin/../lib/gcc/arm-none-eabi/13.2.1/../../../../arm-none-eabi/lib/thumb/v6-m/nofp/libc.a(libc_a-mallocr.o) (_sbrk_r)
/Applications/ArmGNUToolchain/13.2.Rel1/arm-none-eabi/bin/../lib/gcc/arm-none-eabi/13.2.1/../../../../arm-none-eabi/lib/thumb/v6-m/nofp/libc.a(libc_a-errno.o)
                              /Applications/ArmGNUToolchain/13.2.Rel1/arm-none-eabi/bin/../lib/gcc/arm-none-eabi/13.2.1/../../../../arm-none-eabi/lib/thumb/v6-m/nofp/libc.a(libc_a-callocr.o) (__errno)
/Applications/ArmGNUToolchain/13.2.Rel1/arm-none-eabi/bin/../lib/gcc/arm-none-eabi/13.2.1/../../../../arm-none-eabi/lib/thumb/v6-m/nofp/libc.a(libc_a-sysconf.o)
                              /Applications/ArmGNUToolchain/13.2.Rel1/arm-none-eabi/bin/../lib/gcc/arm-none-eabi/13.2.1/../../../../arm-none-eabi/lib/thumb/v6-m/nofp/libc.a(libc_a-mallocr.o) (sysconf)
/Applications/ArmGNUToolchain/13.2.Rel1/arm-none-eabi/bin/../lib/gcc/arm-none-eabi/13.2.1/../../../../arm-none-eabi/lib/thumb/v6-m/nofp/libc.a(libc_a-init.o)
                              /Applications/ArmGNUToolchain/13.2.Rel1/arm-none-eabi/bin/../lib/gcc/arm-none-eabi/13.2.1/../../../../arm-none-eabi/lib/thumb/v6-m/nofp/crt0.o (__libc_init_array)
[...]
Memory Configuration

Name             Origin             Length             Attributes
FLASH            0x10000000         0x00200000         xr
RAM              0x20000000         0x00040000         xrw
SCRATCH_X        0x20040000         0x00001000         xrw
SCRATCH_Y        0x20041000         0x00001000         xrw
*default*        0x00000000         0xffffffff

Linker script and memory map

LOAD /Applications/ArmGNUToolchain/13.2.Rel1/arm-none-eabi/bin/../lib/gcc/arm-none-eabi/13.2.1/thumb/v6-m/nofp/crti.o
LOAD /Applications/ArmGNUToolchain/13.2.Rel1/arm-none-eabi/bin/../lib/gcc/arm-none-eabi/13.2.1/thumb/v6-m/nofp/crtbegin.o
LOAD /Applications/ArmGNUToolchain/13.2.Rel1/arm-none-eabi/bin/../lib/gcc/arm-none-eabi/13.2.1/../../../../arm-none-eabi/lib/thumb/v6-m/nofp/crt0.o

.flash_begin    0x10000000        0x0
                0x10000000                        __flash_binary_start = .

.boot2          0x10000000      0x100
                0x10000000                        __boot2_start__ = .
 *(.boot2)
 .boot2         0x10000000      0x100 /var/folders/00/j2qhxg1s18g34wlby5rlzh4h0000gr/T//cctGlQqW.o
                0x10000100                        __boot2_end__ = .
                0x00000001                        ASSERT (((__boot2_end__ - __boot2_start__) == 0x100), ERROR: Pico second stage bootloader must be 256 bytes in size)

.text           0x10000100     0x2438
                0x10000100                        __logical_binary_start = .
 *(.vectors)
 .vectors       0x10000100       0xd4 CMakeFiles/swift-switch-led.dir/Users/schakra4/Documents/Developer/pico/pico-sdk/src/rp2_common/pico_standard_link/crt0.S.obj
                0x10000100                __VECTOR_TABLE
                0x10000100                __vectors
                0x100001c0                __default_isrs_start
                0x100001c0                isr_invalid
                0x100001c2                isr_nmi
                0x100001c4                isr_hardfault
                0x100001c6                isr_svcall
                0x100001c8                isr_pendsv
                0x100001ca                isr_systick
                0x100001cc                isr_irq28
                0x100001cc                isr_irq19
                0x100001cc                isr_irq0
                0x100001cc                isr_irq6
                0x100001cc                isr_irq22
                0x100001cc                isr_irq17
                0x100001cc                isr_irq14
                0x100001cc                isr_irq2
                0x100001cc                isr_irq10
                0x100001cc                isr_irq8
                0x100001cc                isr_irq24
                0x100001cc                isr_irq1
                0x100001cc                isr_irq7
                0x100001cc                isr_irq21
                0x100001cc                isr_irq20
                0x100001cc                isr_irq15
                0x100001cc                isr_irq25
                0x100001cc                isr_irq4
                0x100001cc                isr_irq16
                0x100001cc                isr_irq29
                0x100001cc                isr_irq26
                0x100001cc                __default_isrs_end
                0x100001cc                isr_irq3
                0x100001cc                isr_irq9
                0x100001cc                __unhandled_user_irq
                0x100001cc                isr_irq13
                0x100001cc                isr_irq27
                0x100001cc                isr_irq31
                0x100001cc                isr_irq5
                0x100001cc                isr_irq11
                0x100001cc                isr_irq23
                0x100001cc                isr_irq18
                0x100001cc                isr_irq30
                0x100001cc                isr_irq12
                0x100001d2                unhandled_user_irq_num_in_r0
 *(.binary_info_header)
 .binary_info_header
                0x100001d4       0x14 CMakeFiles/swift-switch-led.dir/Users/schakra4/Documents/Developer/pico/pico-sdk/src/rp2_common/pico_standard_link/crt0.S.obj
                0x100001e8                        __binary_info_header_end = .
 *(.reset)
 .reset         0x100001e8       0xa0 CMakeFiles/swift-switch-led.dir/Users/schakra4/Documents/Developer/pico/pico-sdk/src/rp2_common/pico_standard_link/crt0.S.obj
                0x100001e8                _entry_point
 .reset         0x10000288       0x30 CMakeFiles/swift-switch-led.dir/Users/schakra4/Documents/Developer/pico/pico-sdk/src/rp2_common/pico_standard_link/binary_info.c.obj
 *(.init)
 .init          0x100002b8        0x4 /Applications/ArmGNUToolchain/13.2.Rel1/arm-none-eabi/bin/../lib/gcc/arm-none-eabi/13.2.1/thumb/v6-m/nofp/crti.o
                0x100002b8                _init
 *(EXCLUDE_FILE(*libm.a: *libc.a:*lib_a-mem*.o *libgcc.a:) .text*)
 .text.register_tm_clones
                0x100002bc       0x28 /Applications/ArmGNUToolchain/13.2.Rel1/arm-none-eabi/bin/../lib/gcc/arm-none-eabi/13.2.1/thumb/v6-m/nofp/crtbegin.o
 .text.frame_dummy
                0x100002e4       0x24 /Applications/ArmGNUToolchain/13.2.Rel1/arm-none-eabi/bin/../lib/gcc/arm-none-eabi/13.2.1/thumb/v6-m/nofp/crtbegin.o
 .text.gpio_set_function
                0x10000308       0x30 CMakeFiles/swift-switch-led.dir/Users/schakra4/Documents/Developer/pico/pico-sdk/src/rp2_common/hardware_gpio/gpio.c.obj
                0x10000308                gpio_set_function
 .text.gpio_set_pulls
                0x10000338       0x24 CMakeFiles/swift-switch-led.dir/Users/schakra4/Documents/Developer/pico/pico-sdk/src/rp2_common/hardware_gpio/gpio.c.obj
                0x10000338                gpio_set_pulls
 .text.gpio_init
                0x1000035c       0x3c CMakeFiles/swift-switch-led.dir/Users/schakra4/Documents/Developer/pico/pico-sdk/src/rp2_common/hardware_gpio/gpio.c.obj
                0x1000035c                gpio_init
 .text.running_on_fpga
                0x10000398       0x10 CMakeFiles/swift-switch-led.dir/Users/schakra4/Documents/Developer/pico/pico-sdk/src/rp2_common/pico_platform/platform.c.obj
                0x10000398                running_on_fpga
 .text.hw_claim_or_assert
                0x100003a8       0x44 CMakeFiles/swift-switch-led.dir/Users/schakra4/Documents/Developer/pico/pico-sdk/src/rp2_common/hardware_claim/claim.c.obj
                0x100003a8                hw_claim_or_assert
 .text.spin_locks_reset
                0x100003ec       0x1c CMakeFiles/swift-switch-led.dir/Users/schakra4/Documents/Developer/pico/pico-sdk/src/rp2_common/hardware_sync/sync.c.obj
                0x100003ec                spin_locks_reset
 .text.next_striped_spin_lock_num
                0x10000408       0x18 CMakeFiles/swift-switch-led.dir/Users/schakra4/Documents/Developer/pico/pico-sdk/src/rp2_common/hardware_sync/sync.c.obj
                0x10000408                next_striped_spin_lock_num
 .text.irq_set_enabled
                0x10000420       0x24 CMakeFiles/swift-switch-led.dir/Users/schakra4/Documents/Developer/pico/pico-sdk/src/rp2_common/hardware_irq/irq.c.obj
                0x10000420                irq_set_enabled
 .text.irq_get_vtable_handler
                0x10000444       0x10 CMakeFiles/swift-switch-led.dir/Users/schakra4/Documents/Developer/pico/pico-sdk/src/rp2_common/hardware_irq/irq.c.obj
                0x10000444                irq_get_vtable_handler
 .text.irq_set_exclusive_handler
                0x10000454       0x54 CMakeFiles/swift-switch-led.dir/Users/schakra4/Documents/Developer/pico/pico-sdk/src/rp2_common/hardware_irq/irq.c.obj
                0x10000454                irq_set_exclusive_handler
 .text.irq_remove_handler
                0x100004a8      0x1c4 CMakeFiles/swift-switch-led.dir/Users/schakra4/Documents/Developer/pico/pico-sdk/src/rp2_common/hardware_irq/irq.c.obj
                0x100004a8                irq_remove_handler
 .text.irq_add_tail_to_free_list
                0x1000066c       0xb4 CMakeFiles/swift-switch-led.dir/Users/schakra4/Documents/Developer/pico/pico-sdk/src/rp2_common/hardware_irq/irq.c.obj
                0x1000066c                irq_add_tail_to_free_list
 .text.irq_init_priorities
                0x10000720       0x24 CMakeFiles/swift-switch-led.dir/Users/schakra4/Documents/Developer/pico/pico-sdk/src/rp2_common/hardware_irq/irq.c.obj
                0x10000720                irq_init_priorities
 .text.lock_init
                0x10000744       0x10 CMakeFiles/swift-switch-led.dir/Users/schakra4/Documents/Developer/pico/pico-sdk/src/common/pico_sync/lock_core.c.obj
                0x10000744                lock_init
 .text.mutex_init
                0x10000754       0x1c CMakeFiles/swift-switch-led.dir/Users/schakra4/Documents/Developer/pico/pico-sdk/src/common/pico_sync/mutex.c.obj
                0x10000754                mutex_init
 .text.recursive_mutex_init
                0x10000770       0x1c CMakeFiles/swift-switch-led.dir/Users/schakra4/Documents/Developer/pico/pico-sdk/src/common/pico_sync/mutex.c.obj
                0x10000770                recursive_mutex_init
 .text.timer_pool_entry_comparator
                0x1000078c       0x34 CMakeFiles/swift-switch-led.dir/Users/schakra4/Documents/Developer/pico/pico-sdk/src/common/pico_time/time.c.obj
                0x1000078c                timer_pool_entry_comparator
 .text.sleep_until_callback
                0x100007c0       0x30 CMakeFiles/swift-switch-led.dir/Users/schakra4/Documents/Developer/pico/pico-sdk/src/common/pico_time/time.c.obj
 .text.add_alarm_under_lock.isra.0
                0x100007f0      0x100 CMakeFiles/swift-switch-led.dir/Users/schakra4/Documents/Developer/pico/pico-sdk/src/common/pico_time/time.c.obj
 .text.alarm_pool_alarm_callback
                0x100008f0      0x1c0 CMakeFiles/swift-switch-led.dir/Users/schakra4/Documents/Developer/pico/pico-sdk/src/common/pico_time/time.c.obj
 .text.alarm_pool_init_default
                0x10000ab0       0x6c CMakeFiles/swift-switch-led.dir/Users/schakra4/Documents/Developer/pico/pico-sdk/src/common/pico_time/time.c.obj
                0x10000ab0                alarm_pool_init_default
 .text.alarm_pool_add_alarm_at
                0x10000b1c      0x17c CMakeFiles/swift-switch-led.dir/Users/schakra4/Documents/Developer/pico/pico-sdk/src/common/pico_time/time.c.obj
                0x10000b1c                alarm_pool_add_alarm_at
 .text.sleep_until
                0x10000c98       0xc4 CMakeFiles/swift-switch-led.dir/Users/schakra4/Documents/Developer/pico/pico-sdk/src/common/pico_time/time.c.obj
                0x10000c98                sleep_until
 .text.sleep_ms
                0x10000d5c       0x38 CMakeFiles/swift-switch-led.dir/Users/schakra4/Documents/Developer/pico/pico-sdk/src/common/pico_time/time.c.obj
                0x10000d5c                sleep_ms
 .text.best_effort_wfe_or_timeout
                0x10000d94       0xcc CMakeFiles/swift-switch-led.dir/Users/schakra4/Documents/Developer/pico/pico-sdk/src/common/pico_time/time.c.obj
                0x10000d94                best_effort_wfe_or_timeout
 .text.hardware_alarm_irq_handler
                0x10000e60       0xbc CMakeFiles/swift-switch-led.dir/Users/schakra4/Documents/Developer/pico/pico-sdk/src/rp2_common/hardware_timer/timer.c.obj
 .text.hardware_alarm_claim
                0x10000f1c       0x18 CMakeFiles/swift-switch-led.dir/Users/schakra4/Documents/Developer/pico/pico-sdk/src/rp2_common/hardware_timer/timer.c.obj
                0x10000f1c                hardware_alarm_claim
 .text.time_us_64
                0x10000f34       0x14 CMakeFiles/swift-switch-led.dir/Users/schakra4/Documents/Developer/pico/pico-sdk/src/rp2_common/hardware_timer/timer.c.obj
                0x10000f34                time_us_64
 .text.busy_wait_us
                0x10000f48       0x68 CMakeFiles/swift-switch-led.dir/Users/schakra4/Documents/Developer/pico/pico-sdk/src/rp2_common/hardware_timer/timer.c.obj
                0x10000f48                busy_wait_us
 .text.busy_wait_until
                0x10000fb0       0x20 CMakeFiles/swift-switch-led.dir/Users/schakra4/Documents/Developer/pico/pico-sdk/src/rp2_common/hardware_timer/timer.c.obj
                0x10000fb0                busy_wait_until
 .text.hardware_alarm_set_callback
                0x10000fd0       0x8c CMakeFiles/swift-switch-led.dir/Users/schakra4/Documents/Developer/pico/pico-sdk/src/rp2_common/hardware_timer/timer.c.obj
                0x10000fd0                hardware_alarm_set_callback
 .text.hardware_alarm_set_target
                0x1000105c       0xd0 CMakeFiles/swift-switch-led.dir/Users/schakra4/Documents/Developer/pico/pico-sdk/src/rp2_common/hardware_timer/timer.c.obj
                0x1000105c                hardware_alarm_set_target
 .text.hardware_alarm_cancel
                0x1000112c       0x3c CMakeFiles/swift-switch-led.dir/Users/schakra4/Documents/Developer/pico/pico-sdk/src/rp2_common/hardware_timer/timer.c.obj
                0x1000112c                hardware_alarm_cancel
 .text.ph_merge_nodes
                0x10001168       0x58 CMakeFiles/swift-switch-led.dir/Users/schakra4/Documents/Developer/pico/pico-sdk/src/common/pico_util/pheap.c.obj
 .text.ph_post_alloc_init
                0x100011c0       0x3c CMakeFiles/swift-switch-led.dir/Users/schakra4/Documents/Developer/pico/pico-sdk/src/common/pico_util/pheap.c.obj
                0x100011c0                ph_post_alloc_init
 .text.ph_merge_two_pass
                0x100011fc       0x8c CMakeFiles/swift-switch-led.dir/Users/schakra4/Documents/Developer/pico/pico-sdk/src/common/pico_util/pheap.c.obj
                0x100011fc                ph_merge_two_pass
 .text.ph_remove_any_head
                0x10001288      0x100 CMakeFiles/swift-switch-led.dir/Users/schakra4/Documents/Developer/pico/pico-sdk/src/common/pico_util/pheap.c.obj
 .text.ph_remove_head
                0x10001388      0x104 CMakeFiles/swift-switch-led.dir/Users/schakra4/Documents/Developer/pico/pico-sdk/src/common/pico_util/pheap.c.obj
                0x10001388                ph_remove_head
 .text.ph_remove_and_free_node
                0x1000148c       0x78 CMakeFiles/swift-switch-led.dir/Users/schakra4/Documents/Developer/pico/pico-sdk/src/common/pico_util/pheap.c.obj
                0x1000148c                ph_remove_and_free_node
 .text.uart_init
                0x10001504      0x18c CMakeFiles/swift-switch-led.dir/Users/schakra4/Documents/Developer/pico/pico-sdk/src/rp2_common/hardware_uart/uart.c.obj
                0x10001504                uart_init
 .text.clocks_init
                0x10001690      0x2c8 CMakeFiles/swift-switch-led.dir/Users/schakra4/Documents/Developer/pico/pico-sdk/src/rp2_common/hardware_clocks/clocks.c.obj
                0x10001690                clocks_init
 .text.clock_get_hz
                0x10001958        0xc CMakeFiles/swift-switch-led.dir/Users/schakra4/Documents/Developer/pico/pico-sdk/src/rp2_common/hardware_clocks/clocks.c.obj
                0x10001958                clock_get_hz
 .text.pll_init
                0x10001964       0xa4 CMakeFiles/swift-switch-led.dir/Users/schakra4/Documents/Developer/pico/pico-sdk/src/rp2_common/hardware_pll/pll.c.obj
                0x10001964                pll_init
 .text.watchdog_start_tick
                0x10001a08       0x10 CMakeFiles/swift-switch-led.dir/Users/schakra4/Documents/Developer/pico/pico-sdk/src/rp2_common/hardware_watchdog/watchdog.c.obj
                0x10001a08                watchdog_start_tick
 .text.xosc_init
                0x10001a18       0x28 CMakeFiles/swift-switch-led.dir/Users/schakra4/Documents/Developer/pico/pico-sdk/src/rp2_common/hardware_xosc/xosc.c.obj
                0x10001a18                xosc_init
 .text.runtime_init
                0x10001a40       0xf0 CMakeFiles/swift-switch-led.dir/Users/schakra4/Documents/Developer/pico/pico-sdk/src/rp2_common/pico_runtime/runtime.c.obj
                0x10001a40                runtime_init
 .text._exit    0x10001b30        0x4 CMakeFiles/swift-switch-led.dir/Users/schakra4/Documents/Developer/pico/pico-sdk/src/rp2_common/pico_runtime/runtime.c.obj
                0x10001b30                _exit
 .text.exit     0x10001b34        0x8 CMakeFiles/swift-switch-led.dir/Users/schakra4/Documents/Developer/pico/pico-sdk/src/rp2_common/pico_runtime/runtime.c.obj
                0x10001b34                exit
 .text.panic    0x10001b3c       0x30 CMakeFiles/swift-switch-led.dir/Users/schakra4/Documents/Developer/pico/pico-sdk/src/rp2_common/pico_runtime/runtime.c.obj
                0x10001b3c                panic
 .text.hard_assertion_failure
                0x10001b6c        0xc CMakeFiles/swift-switch-led.dir/Users/schakra4/Documents/Developer/pico/pico-sdk/src/rp2_common/pico_runtime/runtime.c.obj
                0x10001b6c                hard_assertion_failure
 .text._out_char
                0x10001b78       0x10 CMakeFiles/swift-switch-led.dir/Users/schakra4/Documents/Developer/pico/pico-sdk/src/rp2_common/pico_printf/printf.c.obj
 .text.weak_raw_vprintf
                0x10001b88       0x30 CMakeFiles/swift-switch-led.dir/Users/schakra4/Documents/Developer/pico/pico-sdk/src/rp2_common/pico_printf/printf.c.obj
                0x10001b88                weak_raw_vprintf
 .text          0x10001bb8       0x10 CMakeFiles/swift-switch-led.dir/Users/schakra4/Documents/Developer/pico/pico-sdk/src/rp2_common/pico_bit_ops/bit_ops_aeabi.S.obj
 .text.rom_func_lookup
                0x10001bc8       0x10 CMakeFiles/swift-switch-led.dir/Users/schakra4/Documents/Developer/pico/pico-sdk/src/rp2_common/pico_bootrom/bootrom.c.obj
                0x10001bc8                rom_func_lookup
 .text.rom_data_lookup
                0x10001bd8       0x10 CMakeFiles/swift-switch-led.dir/Users/schakra4/Documents/Developer/pico/pico-sdk/src/rp2_common/pico_bootrom/bootrom.c.obj
                0x10001bd8                rom_data_lookup
 .text.rom_funcs_lookup
                0x10001be8       0x44 CMakeFiles/swift-switch-led.dir/Users/schakra4/Documents/Developer/pico/pico-sdk/src/rp2_common/pico_bootrom/bootrom.c.obj
                0x10001be8                rom_funcs_lookup
 .text.__wrap___aeabi_uidiv
                0x10001c2c       0x4c CMakeFiles/swift-switch-led.dir/Users/schakra4/Documents/Developer/pico/pico-sdk/src/rp2_common/pico_divider/divider.S.obj
                0x10001c2c                __wrap___aeabi_uidiv
                0x10001c2c                __wrap___aeabi_uidivmod
                0x10001c2c                div_u32u32
                0x10001c2c                divmod_u32u32
                0x10001c34                divmod_u32u32_unsafe
                0x10001c5c                divmod_u32u32_savestate
 .text.__aeabi_double_init
                0x10001c78       0x98 CMakeFiles/swift-switch-led.dir/Users/schakra4/Documents/Developer/pico/pico-sdk/src/rp2_common/pico_double/double_init_rom.c.obj
                0x10001c78                __aeabi_double_init
 .text.double_table_shim_on_use_helper
                0x10001d10       0x2c CMakeFiles/swift-switch-led.dir/Users/schakra4/Documents/Developer/pico/pico-sdk/src/rp2_common/pico_double/double_v1_rom_shim.S.obj
                0x10001d10                double_table_shim_on_use_helper
 .text.__aeabi_lmul
                0x10001d3c       0x32 CMakeFiles/swift-switch-led.dir/Users/schakra4/Documents/Developer/pico/pico-sdk/src/rp2_common/pico_int64_ops/pico_int64_ops_aeabi.S.obj
                0x10001d3c                __wrap___aeabi_lmul
 *fill*         0x10001d6e        0x2 
 .text.__aeabi_float_init
                0x10001d70       0x64 CMakeFiles/swift-switch-led.dir/Users/schakra4/Documents/Developer/pico/pico-sdk/src/rp2_common/pico_float/float_init_rom.c.obj
                0x10001d70                __aeabi_float_init
 .text.float_table_shim_on_use_helper
                0x10001dd4       0x2c CMakeFiles/swift-switch-led.dir/Users/schakra4/Documents/Developer/pico/pico-sdk/src/rp2_common/pico_float/float_v1_rom_shim.S.obj
                0x10001dd4                float_table_shim_on_use_helper
 .text          0x10001e00       0x10 CMakeFiles/swift-switch-led.dir/Users/schakra4/Documents/Developer/pico/pico-sdk/src/rp2_common/pico_mem_ops/mem_ops_aeabi.S.obj
                0x10001e00                __aeabi_mem_init
 .text.memcpy   0x10001e10        0xc CMakeFiles/swift-switch-led.dir/Users/schakra4/Documents/Developer/pico/pico-sdk/src/rp2_common/pico_mem_ops/mem_ops_aeabi.S.obj
                0x10001e10                __wrap___aeabi_memcpy
                0x10001e10                __wrap_memcpy
 .text.stdio_out_chars_crlf
                0x10001e1c       0x94 CMakeFiles/swift-switch-led.dir/Users/schakra4/Documents/Developer/pico/pico-sdk/src/rp2_common/pico_stdio/stdio.c.obj
 .text.__wrap_putchar
                0x10001eb0       0x98 CMakeFiles/swift-switch-led.dir/Users/schakra4/Documents/Developer/pico/pico-sdk/src/rp2_common/pico_stdio/stdio.c.obj
                0x10001eb0                __wrap_putchar
 .text.__wrap_puts
                0x10001f48       0xe0 CMakeFiles/swift-switch-led.dir/Users/schakra4/Documents/Developer/pico/pico-sdk/src/rp2_common/pico_stdio/stdio.c.obj
                0x10001f48                __wrap_puts
 .text.stdio_set_driver_enabled
                0x10002028       0x30 CMakeFiles/swift-switch-led.dir/Users/schakra4/Documents/Developer/pico/pico-sdk/src/rp2_common/pico_stdio/stdio.c.obj
                0x10002028                stdio_set_driver_enabled
 .text.stdio_init_all
                0x10002058        0xc CMakeFiles/swift-switch-led.dir/Users/schakra4/Documents/Developer/pico/pico-sdk/src/rp2_common/pico_stdio/stdio.c.obj
                0x10002058                stdio_init_all
 .text.stdio_uart_out_chars
                0x10002064       0x4c CMakeFiles/swift-switch-led.dir/Users/schakra4/Documents/Developer/pico/pico-sdk/src/rp2_common/pico_stdio_uart/stdio_uart.c.obj
 .text.stdio_uart_in_chars
                0x100020b0       0x90 CMakeFiles/swift-switch-led.dir/Users/schakra4/Documents/Developer/pico/pico-sdk/src/rp2_common/pico_stdio_uart/stdio_uart.c.obj
                0x100020b0                stdio_uart_in_chars
 .text.on_uart_rx
                0x10002140       0x28 CMakeFiles/swift-switch-led.dir/Users/schakra4/Documents/Developer/pico/pico-sdk/src/rp2_common/pico_stdio_uart/stdio_uart.c.obj
 .text.stdio_uart_set_chars_available_callback
                0x10002168       0x8c CMakeFiles/swift-switch-led.dir/Users/schakra4/Documents/Developer/pico/pico-sdk/src/rp2_common/pico_stdio_uart/stdio_uart.c.obj
 .text.stdio_uart_init
                0x100021f4       0x48 CMakeFiles/swift-switch-led.dir/Users/schakra4/Documents/Developer/pico/pico-sdk/src/rp2_common/pico_stdio_uart/stdio_uart.c.obj
                0x100021f4                stdio_uart_init
 .text.$s10_swiftcode4MainV7isLedOnSbvau
                0x1000223c        0xc _swiftcode.o
                0x1000223c                $s10_swiftcode4MainV7isLedOnSbvau
 .text.$s10_swiftcode4MainV4mainyyFZ
                0x10002248       0xb6 _swiftcode.o
                0x10002248                $s10_swiftcode4MainV4mainyyFZ
 .text.$s10_swiftcode13PinControllerO9setupPinsyyFZ
                0x100022fe       0x46 _swiftcode.o
                0x100022fe                $s10_swiftcode13PinControllerO9setupPinsyyFZ
 .text.$s10_swiftcode13PinControllerO12getGPIOState3pinSbs6UInt32V_tFZ
                0x10002344       0x14 _swiftcode.o
                0x10002344                $s10_swiftcode13PinControllerO12getGPIOState3pinSbs6UInt32V_tFZ
 .text.swift_beginAccess
                0x10002358        0x8 _swiftcode.o
                0x10002358                swift_beginAccess
 .text.$sSb6toggleyyF
                0x10002360        0xc _swiftcode.o
                0x10002360                $sSb6toggleyyF
 .text.swift_endAccess
                0x1000236c        0x8 _swiftcode.o
                0x1000236c                swift_endAccess
 .text.$s10_swiftcode13PinControllerO12setGPIOState3pin5stateys6UInt32V_SbtFZ
                0x10002374       0x1e _swiftcode.o
                0x10002374                $s10_swiftcode13PinControllerO12setGPIOState3pin5stateys6UInt32V_SbtFZ
 .text.gpio_set_dir
                0x10002392       0x32 _swiftcode.o
 .text.gpio_pull_up
                0x100023c4       0x16 _swiftcode.o
 *fill*         0x100023da        0x2 
 .text.gpio_get
                0x100023dc       0x18 _swiftcode.o
 .text.gpio_put
                0x100023f4       0x32 _swiftcode.o
 .text.$s10_swiftcode4MainV5$mainyyFZ
                0x10002426        0xa _swiftcode.o
                0x10002426                $s10_swiftcode4MainV5$mainyyFZ
 .text.main     0x10002430        0xc _swiftcode.o
                0x10002430                main
 .text.$ss17swift_beginAccess7pointer6buffer5flags2pcySv_SvSuSvtF
                0x1000243c        0x2 _swiftcode.o
                0x1000243c                $ss17swift_beginAccess7pointer6buffer5flags2pcySv_SvSuSvtF
 .text.$ss15swift_endAccess6bufferySv_tF
                0x1000243e        0x2 _swiftcode.o
                0x1000243e                $ss15swift_endAccess6bufferySv_tF
 .text.gpio_set_dir_out_masked
                0x10002440       0x14 _swiftcode.o
 .text.gpio_set_dir_in_masked
                0x10002454       0x14 _swiftcode.o
 .text.gpio_set_mask
                0x10002468       0x14 _swiftcode.o
 .text.gpio_clr_mask
                0x1000247c       0x14 _swiftcode.o
 .text.strlen   0x10002490       0x5c /Applications/ArmGNUToolchain/13.2.Rel1/arm-none-eabi/bin/../lib/gcc/arm-none-eabi/13.2.1/../../../../arm-none-eabi/lib/thumb/v6-m/nofp/libc.a(libc_a-strlen-stub.o)
                0x10002490                strlen
 .text.startup.__stack_chk_init
                0x100024ec       0x18 /Applications/ArmGNUToolchain/13.2.Rel1/arm-none-eabi/bin/../lib/gcc/arm-none-eabi/13.2.1/../../../../arm-none-eabi/lib/thumb/v6-m/nofp/libc.a(libc_a-stack_protector.o)
                0x100024ec                __stack_chk_init
 *(.fini)
 .fini          0x10002504        0x4 /Applications/ArmGNUToolchain/13.2.Rel1/arm-none-eabi/bin/../lib/gcc/arm-none-eabi/13.2.1/thumb/v6-m/nofp/crti.o
                0x10002504                _fini
 .fini.__stub   0x10002508       0x30 linker stubs
 *crtbegin.o(.ctors)
 *crtbegin?.o(.ctors)
 *(EXCLUDE_FILE(*crtend.o *crtend?.o) .ctors)
 *(SORT_BY_NAME(.ctors.*))
 *(.ctors)
 *crtbegin.o(.dtors)
 *crtbegin?.o(.dtors)
 *(EXCLUDE_FILE(*crtend.o *crtend?.o) .dtors)
 *(SORT_BY_NAME(.dtors.*))
 *(.dtors)
 *(.eh_frame*)
 .eh_frame      0x10002538        0x0 /Applications/ArmGNUToolchain/13.2.Rel1/arm-none-eabi/bin/../lib/gcc/arm-none-eabi/13.2.1/thumb/v6-m/nofp/crtbegin.o
                0x10002538                        . = ALIGN (0x4)

.glue_7         0x10002538        0x0
 .glue_7        0x10002538        0x0 linker stubs

.glue_7t        0x10002538        0x0
 .glue_7t       0x10002538        0x0 linker stubs

.vfp11_veneer   0x10002538        0x0
 .vfp11_veneer  0x10002538        0x0 linker stubs

.v4_bx          0x10002538        0x0
 .v4_bx         0x10002538        0x0 linker stubs

.iplt           0x10002538        0x0
 .iplt          0x10002538        0x0 /Applications/ArmGNUToolchain/13.2.Rel1/arm-none-eabi/bin/../lib/gcc/arm-none-eabi/13.2.1/thumb/v6-m/nofp/crtbegin.o

.rodata         0x10002538      0x100
 *(EXCLUDE_FILE(*libm.a: *libc.a:*lib_a-mem*.o *libgcc.a:) .rodata*)
 .rodata.hardware_alarm_claim.str1.4
                0x10002538       0xb8 CMakeFiles/swift-switch-led.dir/Users/schakra4/Documents/Developer/pico/pico-sdk/src/rp2_common/hardware_timer/timer.c.obj
                                 0x22 (size before relaxing)
 .rodata.panic.str1.4
                0x100025f0       0x12 CMakeFiles/swift-switch-led.dir/Users/schakra4/Documents/Developer/pico/pico-sdk/src/rp2_common/pico_runtime/runtime.c.obj
 .rodata.hard_assertion_failure.str1.4
                0x100025f0        0xc CMakeFiles/swift-switch-led.dir/Users/schakra4/Documents/Developer/pico/pico-sdk/src/rp2_common/pico_runtime/runtime.c.obj
 .rodata.str1.4
                0x100025f0       0x48 CMakeFiles/swift-switch-led.dir/Users/schakra4/Documents/Developer/pico/pico-sdk/src/rp2_common/pico_standard_link/binary_info.c.obj
 .rodata.__bi_81
                0x100025f0        0xc CMakeFiles/swift-switch-led.dir/Users/schakra4/Documents/Developer/pico/pico-sdk/src/rp2_common/pico_standard_link/binary_info.c.obj
 .rodata.__bi_75
                0x100025fc        0xc CMakeFiles/swift-switch-led.dir/Users/schakra4/Documents/Developer/pico/pico-sdk/src/rp2_common/pico_standard_link/binary_info.c.obj
 .rodata.__bi_44
                0x10002608        0xc CMakeFiles/swift-switch-led.dir/Users/schakra4/Documents/Developer/pico/pico-sdk/src/rp2_common/pico_standard_link/binary_info.c.obj
 .rodata.crlf_str.0
                0x10002614        0x2 CMakeFiles/swift-switch-led.dir/Users/schakra4/Documents/Developer/pico/pico-sdk/src/rp2_common/pico_stdio/stdio.c.obj
 .rodata.str1.4
                0x10002616       0x2c CMakeFiles/swift-switch-led.dir/Users/schakra4/Documents/Developer/pico/pico-sdk/src/rp2_common/pico_stdio_uart/stdio_uart.c.obj
 *fill*         0x10002616        0x2 
 .rodata.__bi_33.4
                0x10002618        0xc CMakeFiles/swift-switch-led.dir/Users/schakra4/Documents/Developer/pico/pico-sdk/src/rp2_common/pico_stdio_uart/stdio_uart.c.obj
 .rodata.__bi_34.5
                0x10002624        0x8 CMakeFiles/swift-switch-led.dir/Users/schakra4/Documents/Developer/pico/pico-sdk/src/rp2_common/pico_stdio_uart/stdio_uart.c.obj
 .rodata.$s10_swiftcode3leds6UInt32Vvp
                0x1000262c        0x4 _swiftcode.o
                0x1000262c                $s10_swiftcode3leds6UInt32Vvp
 .rodata.$s10_swiftcode4eleds6UInt32Vvp
                0x10002630        0x4 _swiftcode.o
                0x10002630                $s10_swiftcode4eleds6UInt32Vvp
 .rodata.$s10_swiftcode9buttonPins6UInt32Vvp
                0x10002634        0x4 _swiftcode.o
                0x10002634                $s10_swiftcode9buttonPins6UInt32Vvp
                0x10002638                        . = ALIGN (0x4)
 *(SORT_BY_ALIGNMENT(SORT_BY_NAME(.flashdata*)))
                0x10002638                        . = ALIGN (0x4)

.swift_modhash  0x10002638       0x10
 .swift_modhash
                0x10002638       0x10 _swiftcode.o

.ARM.extab
 *(.ARM.extab* .gnu.linkonce.armextab.*)
                0x10002648                        __exidx_start = .

.ARM.exidx      0x10002648        0x8
 *(.ARM.exidx* .gnu.linkonce.armexidx.*)
 .ARM.exidx.text.$s10_swiftcode4MainV7isLedOnSbvau
                0x10002648        0x8 _swiftcode.o
 .ARM.exidx.text.$s10_swiftcode4MainV4mainyyFZ
                0x10002650        0x0 _swiftcode.o
                                  0x8 (size before relaxing)
 .ARM.exidx.text.$s10_swiftcode13PinControllerO9setupPinsyyFZ
                0x10002650        0x0 _swiftcode.o
                                  0x8 (size before relaxing)
 .ARM.exidx.text.$s10_swiftcode13PinControllerO12getGPIOState3pinSbs6UInt32V_tFZ
                0x10002650        0x0 _swiftcode.o
                                  0x8 (size before relaxing)
 .ARM.exidx.text.swift_beginAccess
                0x10002650        0x0 _swiftcode.o
                                  0x8 (size before relaxing)
 .ARM.exidx.text.$sSb6toggleyyF
                0x10002650        0x0 _swiftcode.o
                                  0x8 (size before relaxing)
 .ARM.exidx.text.swift_endAccess
                0x10002650        0x0 _swiftcode.o
                                  0x8 (size before relaxing)
 .ARM.exidx.text.$s10_swiftcode13PinControllerO12setGPIOState3pin5stateys6UInt32V_SbtFZ
                0x10002650        0x0 _swiftcode.o
                                  0x8 (size before relaxing)
 .ARM.exidx.text.gpio_set_dir
                0x10002650        0x0 _swiftcode.o
                                  0x8 (size before relaxing)
 .ARM.exidx.text.gpio_pull_up
                0x10002650        0x0 _swiftcode.o
                                  0x8 (size before relaxing)
 .ARM.exidx.text.gpio_get
                0x10002650        0x0 _swiftcode.o
                                  0x8 (size before relaxing)
 .ARM.exidx.text.gpio_put
                0x10002650        0x0 _swiftcode.o
                                  0x8 (size before relaxing)
 .ARM.exidx.text.$s10_swiftcode4MainV5$mainyyFZ
                0x10002650        0x0 _swiftcode.o
                                  0x8 (size before relaxing)
 .ARM.exidx.text.main
                0x10002650        0x0 _swiftcode.o
                                  0x8 (size before relaxing)
 .ARM.exidx.text.$ss17swift_beginAccess7pointer6buffer5flags2pcySv_SvSuSvtF
                0x10002650        0x0 _swiftcode.o
                                  0x8 (size before relaxing)
 .ARM.exidx.text.$ss15swift_endAccess6bufferySv_tF
                0x10002650        0x0 _swiftcode.o
                                  0x8 (size before relaxing)
 .ARM.exidx.text.gpio_set_dir_out_masked
                0x10002650        0x0 _swiftcode.o
                                  0x8 (size before relaxing)
 .ARM.exidx.text.gpio_set_dir_in_masked
                0x10002650        0x0 _swiftcode.o
                                  0x8 (size before relaxing)
 .ARM.exidx.text.gpio_set_mask
                0x10002650        0x0 _swiftcode.o
                                  0x8 (size before relaxing)
 .ARM.exidx.text.gpio_clr_mask
                0x10002650        0x0 _swiftcode.o
                                  0x8 (size before relaxing)
                0x10002650                        __exidx_end = .
                0x10002650                        . = ALIGN (0x4)
                0x10002650                        __binary_info_start = .

.binary_info    0x10002650       0x24
 *(.binary_info.keep.*)
 .binary_info.keep.__bi_ptr81
                0x10002650        0x4 CMakeFiles/swift-switch-led.dir/Users/schakra4/Documents/Developer/pico/pico-sdk/src/rp2_common/pico_standard_link/binary_info.c.obj
 .binary_info.keep.__bi_ptr75
                0x10002654        0x4 CMakeFiles/swift-switch-led.dir/Users/schakra4/Documents/Developer/pico/pico-sdk/src/rp2_common/pico_standard_link/binary_info.c.obj
 .binary_info.keep.__bi_ptr50
                0x10002658        0x4 CMakeFiles/swift-switch-led.dir/Users/schakra4/Documents/Developer/pico/pico-sdk/src/rp2_common/pico_standard_link/binary_info.c.obj
 .binary_info.keep.__bi_ptr44
                0x1000265c        0x4 CMakeFiles/swift-switch-led.dir/Users/schakra4/Documents/Developer/pico/pico-sdk/src/rp2_common/pico_standard_link/binary_info.c.obj
 .binary_info.keep.__bi_ptr38
                0x10002660        0x4 CMakeFiles/swift-switch-led.dir/Users/schakra4/Documents/Developer/pico/pico-sdk/src/rp2_common/pico_standard_link/binary_info.c.obj
 .binary_info.keep.__bi_ptr30
                0x10002664        0x4 CMakeFiles/swift-switch-led.dir/Users/schakra4/Documents/Developer/pico/pico-sdk/src/rp2_common/pico_standard_link/binary_info.c.obj
 .binary_info.keep.__bi_ptr22
                0x10002668        0x4 CMakeFiles/swift-switch-led.dir/Users/schakra4/Documents/Developer/pico/pico-sdk/src/rp2_common/pico_standard_link/binary_info.c.obj
 *(.binary_info.*)
 .binary_info.__bi_ptr34
                0x1000266c        0x4 CMakeFiles/swift-switch-led.dir/Users/schakra4/Documents/Developer/pico/pico-sdk/src/rp2_common/pico_stdio_uart/stdio_uart.c.obj
 .binary_info.__bi_ptr33
                0x10002670        0x4 CMakeFiles/swift-switch-led.dir/Users/schakra4/Documents/Developer/pico/pico-sdk/src/rp2_common/pico_stdio_uart/stdio_uart.c.obj
                0x10002674                        __binary_info_end = .

.rel.dyn        0x10002674        0x0
 .rel.iplt      0x10002674        0x0 /Applications/ArmGNUToolchain/13.2.Rel1/arm-none-eabi/bin/../lib/gcc/arm-none-eabi/13.2.1/thumb/v6-m/nofp/crtbegin.o
                0x10002674                        . = ALIGN (0x4)

.ram_vector_table
                0x20000000       0xc0
 *(.ram_vector_table)
 .ram_vector_table
                0x20000000       0xc0 CMakeFiles/swift-switch-led.dir/Users/schakra4/Documents/Developer/pico/pico-sdk/src/rp2_common/pico_runtime/runtime.c.obj
                0x20000000                ram_vector_table

.data           0x200000c0      0x1a8 load address 0x10002674
                0x200000c0                        __data_start__ = .
 *(vtable)
 *(.time_critical*)
 .time_critical.mutex_try_enter_block_until
                0x200000c0       0x9c CMakeFiles/swift-switch-led.dir/Users/schakra4/Documents/Developer/pico/pico-sdk/src/common/pico_sync/mutex.c.obj
                0x200000c0                mutex_try_enter_block_until
 .time_critical.mutex_exit
                0x2000015c       0x28 CMakeFiles/swift-switch-led.dir/Users/schakra4/Documents/Developer/pico/pico-sdk/src/common/pico_sync/mutex.c.obj
                0x2000015c                mutex_exit
 *(.text*)
 .text          0x20000184        0x4 /Applications/ArmGNUToolchain/13.2.Rel1/arm-none-eabi/bin/../lib/gcc/arm-none-eabi/13.2.1/thumb/v6-m/nofp/libgcc.a(_dvmd_tls.o)
                0x20000184                __aeabi_ldiv0
                0x20000184                __aeabi_idiv0
 .text.__stub   0x20000188       0x10 linker stubs
                0x20000198                        . = ALIGN (0x4)
 *(.rodata*)
                0x20000198                        . = ALIGN (0x4)
 *(.data*)
 .data.striped_spin_lock_num
                0x20000198        0x1 CMakeFiles/swift-switch-led.dir/Users/schakra4/Documents/Developer/pico/pico-sdk/src/rp2_common/hardware_sync/sync.c.obj
 *fill*         0x20000199        0x3 
 .data          0x2000019c       0x48 CMakeFiles/swift-switch-led.dir/Users/schakra4/Documents/Developer/pico/pico-sdk/src/rp2_common/hardware_irq/irq_handler_chain.S.obj
                0x2000019c                irq_handler_chain_slots
                0x200001cc                irq_handler_chain_first_slot
                0x200001d6                irq_handler_chain_remove_tail
 .data.default_alarm_pool
                0x200001e4       0x18 CMakeFiles/swift-switch-led.dir/Users/schakra4/Documents/Developer/pico/pico-sdk/src/common/pico_time/time.c.obj
 .data.default_alarm_pool_heap
                0x200001fc       0x10 CMakeFiles/swift-switch-led.dir/Users/schakra4/Documents/Developer/pico/pico-sdk/src/common/pico_time/time.c.obj
 *fill*         0x2000020c        0x4 
 .data.aeabi_bits_funcs
                0x20000210       0x10 CMakeFiles/swift-switch-led.dir/Users/schakra4/Documents/Developer/pico/pico-sdk/src/rp2_common/pico_bit_ops/bit_ops_aeabi.S.obj
                0x20000210                aeabi_bits_funcs
                0x20000220                aeabi_bits_funcs_end
 .data.aeabi_mem_funcs
                0x20000220       0x10 CMakeFiles/swift-switch-led.dir/Users/schakra4/Documents/Developer/pico/pico-sdk/src/rp2_common/pico_mem_ops/mem_ops_aeabi.S.obj
                0x20000220                aeabi_mem_funcs
                0x20000230                aeabi_mem_funcs_end
 .data.stdio_uart
                0x20000230       0x18 CMakeFiles/swift-switch-led.dir/Users/schakra4/Documents/Developer/pico/pico-sdk/src/rp2_common/pico_stdio_uart/stdio_uart.c.obj
                0x20000230                stdio_uart
                0x20000248                        . = ALIGN (0x4)
 *(.after_data.*)
                0x20000248                        . = ALIGN (0x4)
                0x20000248                        PROVIDE (__mutex_array_start = .)
 *(SORT_BY_NAME(.mutex_array.*))
 *(.mutex_array)
 .mutex_array   0x20000248        0x8 CMakeFiles/swift-switch-led.dir/Users/schakra4/Documents/Developer/pico/pico-sdk/src/rp2_common/pico_stdio/stdio.c.obj
                0x20000250                        PROVIDE (__mutex_array_end = .)
                0x20000250                        . = ALIGN (0x4)
                0x20000250                        PROVIDE (__preinit_array_start = .)
 *(SORT_BY_NAME(.preinit_array.*))
 .preinit_array.00001
                0x20000250        0x4 CMakeFiles/swift-switch-led.dir/Users/schakra4/Documents/Developer/pico/pico-sdk/src/rp2_common/pico_mem_ops/mem_ops_aeabi.S.obj
 .preinit_array.00010
                0x20000254        0x4 CMakeFiles/swift-switch-led.dir/Users/schakra4/Documents/Developer/pico/pico-sdk/src/rp2_common/pico_bit_ops/bit_ops_aeabi.S.obj
 .preinit_array.00020
                0x20000258        0x4 CMakeFiles/swift-switch-led.dir/Users/schakra4/Documents/Developer/pico/pico-sdk/src/rp2_common/pico_double/double_aeabi.S.obj
 .preinit_array.00020
                0x2000025c        0x4 CMakeFiles/swift-switch-led.dir/Users/schakra4/Documents/Developer/pico/pico-sdk/src/rp2_common/pico_float/float_aeabi.S.obj
 *(.preinit_array)
                0x20000260                        PROVIDE (__preinit_array_end = .)
                0x20000260                        . = ALIGN (0x4)
                0x20000260                        PROVIDE (__init_array_start = .)
 *(SORT_BY_NAME(.init_array.*))
 *(.init_array)
 .init_array    0x20000260        0x4 /Applications/ArmGNUToolchain/13.2.Rel1/arm-none-eabi/bin/../lib/gcc/arm-none-eabi/13.2.1/thumb/v6-m/nofp/crtbegin.o
 .init_array    0x20000264        0x4 /Applications/ArmGNUToolchain/13.2.Rel1/arm-none-eabi/bin/../lib/gcc/arm-none-eabi/13.2.1/../../../../arm-none-eabi/lib/thumb/v6-m/nofp/libc.a(libc_a-stack_protector.o)
                0x20000268                        PROVIDE (__init_array_end = .)
                0x20000268                        . = ALIGN (0x4)
                [!provide]                        PROVIDE (__fini_array_start = .)
 *(SORT_BY_NAME(.fini_array.*))
 *(.fini_array)
                [!provide]                        PROVIDE (__fini_array_end = .)
 *(.jcr)
                0x20000268                        . = ALIGN (0x4)
                0x20000268                        __data_end__ = .
                0x10002674                        __etext = LOADADDR (.data)

.tm_clone_table
                0x20000268        0x0 load address 0x1000281c
 .tm_clone_table
                0x20000268        0x0 /Applications/ArmGNUToolchain/13.2.Rel1/arm-none-eabi/bin/../lib/gcc/arm-none-eabi/13.2.1/thumb/v6-m/nofp/crtbegin.o
 .tm_clone_table
                0x20000268        0x0 /Applications/ArmGNUToolchain/13.2.Rel1/arm-none-eabi/bin/../lib/gcc/arm-none-eabi/13.2.1/thumb/v6-m/nofp/crtend.o

.igot.plt       0x20000268        0x0 load address 0x1000281c
 .igot.plt      0x20000268        0x0 /Applications/ArmGNUToolchain/13.2.Rel1/arm-none-eabi/bin/../lib/gcc/arm-none-eabi/13.2.1/thumb/v6-m/nofp/crtbegin.o

.uninitialized_data
                0x20000268        0x0 load address 0x1000281c
                0x20000268                        . = ALIGN (0x4)
 *(.uninitialized_data*)

.scratch_x      0x20040000        0x0 load address 0x1000281c
                0x20040000                        __scratch_x_start__ = .
 *(.scratch_x.*)
                0x20040000                        . = ALIGN (0x4)
                0x20040000                        __scratch_x_end__ = .
                0x1000281c                        __scratch_x_source__ = LOADADDR (.scratch_x)

.scratch_y      0x20041000        0x0 load address 0x1000281c
                0x20041000                        __scratch_y_start__ = .
 *(.scratch_y.*)
                0x20041000                        . = ALIGN (0x4)
                0x20041000                        __scratch_y_end__ = .
                0x1000281c                        __scratch_y_source__ = LOADADDR (.scratch_y)

.bss            0x20000268      0x3dc
                0x20000268                        . = ALIGN (0x4)
                0x20000268                        __bss_start__ = .
 *(SORT_BY_ALIGNMENT(SORT_BY_NAME(.bss*)))
 .bss.configured_freq
                0x20000268       0x28 CMakeFiles/swift-switch-led.dir/Users/schakra4/Documents/Developer/pico/pico-sdk/src/rp2_common/hardware_clocks/clocks.c.obj
 .bss.default_alarm_pool_entries
                0x20000290      0x100 CMakeFiles/swift-switch-led.dir/Users/schakra4/Documents/Developer/pico/pico-sdk/src/common/pico_time/time.c.obj
 .bss.sd_table  0x20000390      0x100 CMakeFiles/swift-switch-led.dir/Users/schakra4/Documents/Developer/pico/pico-sdk/src/rp2_common/pico_double/double_init_rom.c.obj
                0x20000390                sd_table
 .bss.sf_table  0x20000490      0x100 CMakeFiles/swift-switch-led.dir/Users/schakra4/Documents/Developer/pico/pico-sdk/src/rp2_common/pico_float/float_init_rom.c.obj
                0x20000490                sf_table
 .bss.__stack_chk_guard
                0x20000590        0x4 /Applications/ArmGNUToolchain/13.2.Rel1/arm-none-eabi/bin/../lib/gcc/arm-none-eabi/13.2.1/../../../../arm-none-eabi/lib/thumb/v6-m/nofp/libc.a(libc_a-stack_protector.o)
                0x20000590                __stack_chk_guard
 .bss.alarm_callbacks
                0x20000594       0x10 CMakeFiles/swift-switch-led.dir/Users/schakra4/Documents/Developer/pico/pico-sdk/src/rp2_common/hardware_timer/timer.c.obj
 .bss.chars_available_callback
                0x200005a4        0x4 CMakeFiles/swift-switch-led.dir/Users/schakra4/Documents/Developer/pico/pico-sdk/src/rp2_common/pico_stdio_uart/stdio_uart.c.obj
 .bss.chars_available_param
                0x200005a8        0x4 CMakeFiles/swift-switch-led.dir/Users/schakra4/Documents/Developer/pico/pico-sdk/src/rp2_common/pico_stdio_uart/stdio_uart.c.obj
 .bss.default_alarm_pool_entry_ids_high
                0x200005ac       0x10 CMakeFiles/swift-switch-led.dir/Users/schakra4/Documents/Developer/pico/pico-sdk/src/common/pico_time/time.c.obj
 .bss.default_alarm_pool_heap_nodes
                0x200005bc       0x30 CMakeFiles/swift-switch-led.dir/Users/schakra4/Documents/Developer/pico/pico-sdk/src/common/pico_time/time.c.obj
 .bss.drivers   0x200005ec        0x4 CMakeFiles/swift-switch-led.dir/Users/schakra4/Documents/Developer/pico/pico-sdk/src/rp2_common/pico_stdio/stdio.c.obj
 .bss.filter    0x200005f0        0x4 CMakeFiles/swift-switch-led.dir/Users/schakra4/Documents/Developer/pico/pico-sdk/src/rp2_common/pico_stdio/stdio.c.obj
 .bss.lazy_vsnprintf
                0x200005f4        0x4 CMakeFiles/swift-switch-led.dir/Users/schakra4/Documents/Developer/pico/pico-sdk/src/rp2_common/pico_printf/printf.c.obj
 .bss.object.0  0x200005f8       0x18 /Applications/ArmGNUToolchain/13.2.Rel1/arm-none-eabi/bin/../lib/gcc/arm-none-eabi/13.2.1/thumb/v6-m/nofp/crtbegin.o
 .bss.pools     0x20000610       0x10 CMakeFiles/swift-switch-led.dir/Users/schakra4/Documents/Developer/pico/pico-sdk/src/common/pico_time/time.c.obj
 .bss.sf_clz_func
                0x20000620        0x4 CMakeFiles/swift-switch-led.dir/Users/schakra4/Documents/Developer/pico/pico-sdk/src/rp2_common/pico_double/double_init_rom.c.obj
                0x20000620                sf_clz_func
 .bss.sleep_notifier
                0x20000624        0x4 CMakeFiles/swift-switch-led.dir/Users/schakra4/Documents/Developer/pico/pico-sdk/src/common/pico_time/time.c.obj
 .bss.target_hi
                0x20000628       0x10 CMakeFiles/swift-switch-led.dir/Users/schakra4/Documents/Developer/pico/pico-sdk/src/rp2_common/hardware_timer/timer.c.obj
 .bss.uart_char_to_line_feed
                0x20000638        0x4 CMakeFiles/swift-switch-led.dir/Users/schakra4/Documents/Developer/pico/pico-sdk/src/rp2_common/hardware_uart/uart.c.obj
                0x20000638                uart_char_to_line_feed
 .bss.uart_instance
                0x2000063c        0x4 CMakeFiles/swift-switch-led.dir/Users/schakra4/Documents/Developer/pico/pico-sdk/src/rp2_common/pico_stdio_uart/stdio_uart.c.obj
 .bss.$s10_swiftcode4MainV7isLedOnSbvpZ
                0x20000640        0x1 _swiftcode.o
                0x20000640                $s10_swiftcode4MainV7isLedOnSbvpZ
 .bss.claimed   0x20000641        0x1 CMakeFiles/swift-switch-led.dir/Users/schakra4/Documents/Developer/pico/pico-sdk/src/rp2_common/hardware_timer/timer.c.obj
 .bss.irq_hander_chain_free_slot_head
                0x20000642        0x1 CMakeFiles/swift-switch-led.dir/Users/schakra4/Documents/Developer/pico/pico-sdk/src/rp2_common/hardware_irq/irq.c.obj
 .bss.timer_callbacks_pending
                0x20000643        0x1 CMakeFiles/swift-switch-led.dir/Users/schakra4/Documents/Developer/pico/pico-sdk/src/rp2_common/hardware_timer/timer.c.obj
 *(COMMON)
                0x20000644                        . = ALIGN (0x4)
                0x20000644                        __bss_end__ = .

.heap           0x20000644      0x800
                0x20000644                        __end__ = .
                0x20000644                        end = __end__
 *(.heap*)
 .heap          0x20000644      0x800 CMakeFiles/swift-switch-led.dir/Users/schakra4/Documents/Developer/pico/pico-sdk/src/rp2_common/pico_standard_link/crt0.S.obj
                0x20000e44                        __HeapLimit = .

.stack1_dummy
 *(.stack1*)

.stack_dummy    0x20041000      0x800
 *(.stack*)
 .stack         0x20041000      0x800 CMakeFiles/swift-switch-led.dir/Users/schakra4/Documents/Developer/pico/pico-sdk/src/rp2_common/pico_standard_link/crt0.S.obj

.flash_end      0x1000281c        0x0
                0x1000281c                        PROVIDE (__flash_binary_end = .)
                0x20040000                        __StackLimit = (ORIGIN (RAM) + LENGTH (RAM))
                0x20041000                        __StackOneTop = (ORIGIN (SCRATCH_X) + LENGTH (SCRATCH_X))
                0x20042000                        __StackTop = (ORIGIN (SCRATCH_Y) + LENGTH (SCRATCH_Y))
                0x20041000                        __StackOneBottom = (__StackOneTop - SIZEOF (.stack1_dummy))
                0x20041800                        __StackBottom = (__StackTop - SIZEOF (.stack_dummy))
                0x20042000                        PROVIDE (__stack = __StackTop)
                0x00000001                        ASSERT ((__StackLimit >= __HeapLimit), region RAM overflowed)
                0x00000001                        ASSERT (((__binary_info_header_end - __logical_binary_start) <= 0x100), Binary info must be in first 256 bytes of the binary)
LOAD CMakeFiles/swift-switch-led.dir/Users/schakra4/Documents/Developer/pico/pico-sdk/src/rp2_common/pico_stdlib/stdlib.c.obj
LOAD CMakeFiles/swift-switch-led.dir/Users/schakra4/Documents/Developer/pico/pico-sdk/src/rp2_common/hardware_gpio/gpio.c.obj
LOAD CMakeFiles/swift-switch-led.dir/Users/schakra4/Documents/Developer/pico/pico-sdk/src/rp2_common/pico_platform/platform.c.obj
LOAD CMakeFiles/swift-switch-led.dir/Users/schakra4/Documents/Developer/pico/pico-sdk/src/rp2_common/hardware_claim/claim.c.obj
LOAD CMakeFiles/swift-switch-led.dir/Users/schakra4/Documents/Developer/pico/pico-sdk/src/rp2_common/hardware_sync/sync.c.obj
LOAD CMakeFiles/swift-switch-led.dir/Users/schakra4/Documents/Developer/pico/pico-sdk/src/rp2_common/hardware_irq/irq.c.obj
LOAD CMakeFiles/swift-switch-led.dir/Users/schakra4/Documents/Developer/pico/pico-sdk/src/rp2_common/hardware_irq/irq_handler_chain.S.obj
LOAD CMakeFiles/swift-switch-led.dir/Users/schakra4/Documents/Developer/pico/pico-sdk/src/common/pico_sync/sem.c.obj
LOAD CMakeFiles/swift-switch-led.dir/Users/schakra4/Documents/Developer/pico/pico-sdk/src/common/pico_sync/lock_core.c.obj
LOAD CMakeFiles/swift-switch-led.dir/Users/schakra4/Documents/Developer/pico/pico-sdk/src/common/pico_sync/mutex.c.obj
LOAD CMakeFiles/swift-switch-led.dir/Users/schakra4/Documents/Developer/pico/pico-sdk/src/common/pico_sync/critical_section.c.obj
LOAD CMakeFiles/swift-switch-led.dir/Users/schakra4/Documents/Developer/pico/pico-sdk/src/common/pico_time/time.c.obj
LOAD CMakeFiles/swift-switch-led.dir/Users/schakra4/Documents/Developer/pico/pico-sdk/src/common/pico_time/timeout_helper.c.obj
LOAD CMakeFiles/swift-switch-led.dir/Users/schakra4/Documents/Developer/pico/pico-sdk/src/rp2_common/hardware_timer/timer.c.obj
LOAD CMakeFiles/swift-switch-led.dir/Users/schakra4/Documents/Developer/pico/pico-sdk/src/common/pico_util/datetime.c.obj
LOAD CMakeFiles/swift-switch-led.dir/Users/schakra4/Documents/Developer/pico/pico-sdk/src/common/pico_util/pheap.c.obj
LOAD CMakeFiles/swift-switch-led.dir/Users/schakra4/Documents/Developer/pico/pico-sdk/src/common/pico_util/queue.c.obj
LOAD CMakeFiles/swift-switch-led.dir/Users/schakra4/Documents/Developer/pico/pico-sdk/src/rp2_common/hardware_uart/uart.c.obj
LOAD CMakeFiles/swift-switch-led.dir/Users/schakra4/Documents/Developer/pico/pico-sdk/src/rp2_common/hardware_clocks/clocks.c.obj
LOAD CMakeFiles/swift-switch-led.dir/Users/schakra4/Documents/Developer/pico/pico-sdk/src/rp2_common/hardware_pll/pll.c.obj
LOAD CMakeFiles/swift-switch-led.dir/Users/schakra4/Documents/Developer/pico/pico-sdk/src/rp2_common/hardware_vreg/vreg.c.obj
LOAD CMakeFiles/swift-switch-led.dir/Users/schakra4/Documents/Developer/pico/pico-sdk/src/rp2_common/hardware_watchdog/watchdog.c.obj
LOAD CMakeFiles/swift-switch-led.dir/Users/schakra4/Documents/Developer/pico/pico-sdk/src/rp2_common/hardware_xosc/xosc.c.obj
LOAD CMakeFiles/swift-switch-led.dir/Users/schakra4/Documents/Developer/pico/pico-sdk/src/rp2_common/hardware_divider/divider.S.obj
LOAD CMakeFiles/swift-switch-led.dir/Users/schakra4/Documents/Developer/pico/pico-sdk/src/rp2_common/pico_runtime/runtime.c.obj
LOAD CMakeFiles/swift-switch-led.dir/Users/schakra4/Documents/Developer/pico/pico-sdk/src/rp2_common/pico_printf/printf.c.obj
LOAD CMakeFiles/swift-switch-led.dir/Users/schakra4/Documents/Developer/pico/pico-sdk/src/rp2_common/pico_bit_ops/bit_ops_aeabi.S.obj
LOAD CMakeFiles/swift-switch-led.dir/Users/schakra4/Documents/Developer/pico/pico-sdk/src/rp2_common/pico_bootrom/bootrom.c.obj
LOAD CMakeFiles/swift-switch-led.dir/Users/schakra4/Documents/Developer/pico/pico-sdk/src/rp2_common/pico_divider/divider.S.obj
LOAD CMakeFiles/swift-switch-led.dir/Users/schakra4/Documents/Developer/pico/pico-sdk/src/rp2_common/pico_double/double_aeabi.S.obj
LOAD CMakeFiles/swift-switch-led.dir/Users/schakra4/Documents/Developer/pico/pico-sdk/src/rp2_common/pico_double/double_init_rom.c.obj
LOAD CMakeFiles/swift-switch-led.dir/Users/schakra4/Documents/Developer/pico/pico-sdk/src/rp2_common/pico_double/double_math.c.obj
LOAD CMakeFiles/swift-switch-led.dir/Users/schakra4/Documents/Developer/pico/pico-sdk/src/rp2_common/pico_double/double_v1_rom_shim.S.obj
LOAD CMakeFiles/swift-switch-led.dir/Users/schakra4/Documents/Developer/pico/pico-sdk/src/rp2_common/pico_int64_ops/pico_int64_ops_aeabi.S.obj
LOAD CMakeFiles/swift-switch-led.dir/Users/schakra4/Documents/Developer/pico/pico-sdk/src/rp2_common/pico_float/float_aeabi.S.obj
LOAD CMakeFiles/swift-switch-led.dir/Users/schakra4/Documents/Developer/pico/pico-sdk/src/rp2_common/pico_float/float_init_rom.c.obj
LOAD CMakeFiles/swift-switch-led.dir/Users/schakra4/Documents/Developer/pico/pico-sdk/src/rp2_common/pico_float/float_math.c.obj
LOAD CMakeFiles/swift-switch-led.dir/Users/schakra4/Documents/Developer/pico/pico-sdk/src/rp2_common/pico_float/float_v1_rom_shim.S.obj
LOAD CMakeFiles/swift-switch-led.dir/Users/schakra4/Documents/Developer/pico/pico-sdk/src/rp2_common/pico_malloc/pico_malloc.c.obj
LOAD CMakeFiles/swift-switch-led.dir/Users/schakra4/Documents/Developer/pico/pico-sdk/src/rp2_common/pico_mem_ops/mem_ops_aeabi.S.obj
LOAD CMakeFiles/swift-switch-led.dir/Users/schakra4/Documents/Developer/pico/pico-sdk/src/rp2_common/pico_standard_link/crt0.S.obj
LOAD CMakeFiles/swift-switch-led.dir/Users/schakra4/Documents/Developer/pico/pico-sdk/src/rp2_common/pico_standard_link/new_delete.cpp.obj
LOAD CMakeFiles/swift-switch-led.dir/Users/schakra4/Documents/Developer/pico/pico-sdk/src/rp2_common/pico_standard_link/binary_info.c.obj
LOAD CMakeFiles/swift-switch-led.dir/Users/schakra4/Documents/Developer/pico/pico-sdk/src/rp2_common/pico_stdio/stdio.c.obj
LOAD CMakeFiles/swift-switch-led.dir/Users/schakra4/Documents/Developer/pico/pico-sdk/src/rp2_common/pico_stdio_uart/stdio_uart.c.obj
LOAD _swiftcode.o
LOAD /var/folders/00/j2qhxg1s18g34wlby5rlzh4h0000gr/T//cctGlQqW.o
LOAD /Applications/ArmGNUToolchain/13.2.Rel1/arm-none-eabi/bin/../lib/gcc/arm-none-eabi/13.2.1/../../../../arm-none-eabi/lib/thumb/v6-m/nofp/libstdc++.a
LOAD /Applications/ArmGNUToolchain/13.2.Rel1/arm-none-eabi/bin/../lib/gcc/arm-none-eabi/13.2.1/../../../../arm-none-eabi/lib/thumb/v6-m/nofp/libm.a
START GROUP
LOAD /Applications/ArmGNUToolchain/13.2.Rel1/arm-none-eabi/bin/../lib/gcc/arm-none-eabi/13.2.1/thumb/v6-m/nofp/libgcc.a
LOAD /Applications/ArmGNUToolchain/13.2.Rel1/arm-none-eabi/bin/../lib/gcc/arm-none-eabi/13.2.1/../../../../arm-none-eabi/lib/thumb/v6-m/nofp/libc.a
END GROUP
START GROUP
LOAD /Applications/ArmGNUToolchain/13.2.Rel1/arm-none-eabi/bin/../lib/gcc/arm-none-eabi/13.2.1/thumb/v6-m/nofp/libgcc.a
LOAD /Applications/ArmGNUToolchain/13.2.Rel1/arm-none-eabi/bin/../lib/gcc/arm-none-eabi/13.2.1/../../../../arm-none-eabi/lib/thumb/v6-m/nofp/libc.a
LOAD /Applications/ArmGNUToolchain/13.2.Rel1/arm-none-eabi/bin/../lib/gcc/arm-none-eabi/13.2.1/../../../../arm-none-eabi/lib/thumb/v6-m/nofp/libnosys.a
END GROUP
LOAD /Applications/ArmGNUToolchain/13.2.Rel1/arm-none-eabi/bin/../lib/gcc/arm-none-eabi/13.2.1/thumb/v6-m/nofp/crtend.o
LOAD /Applications/ArmGNUToolchain/13.2.Rel1/arm-none-eabi/bin/../lib/gcc/arm-none-eabi/13.2.1/thumb/v6-m/nofp/crtn.o
OUTPUT(swift-switch-led.elf elf32-littlearm)
LOAD linker stubs

.ARM.attributes
                0x00000000       0x2c
 .ARM.attributes
                0x00000000       0x1e /Applications/ArmGNUToolchain/13.2.Rel1/arm-none-eabi/bin/../lib/gcc/arm-none-eabi/13.2.1/thumb/v6-m/nofp/crti.o
 .ARM.attributes
                0x0000001e       0x2c /Applications/ArmGNUToolchain/13.2.Rel1/arm-none-eabi/bin/../lib/gcc/arm-none-eabi/13.2.1/thumb/v6-m/nofp/crtbegin.o
 .ARM.attributes
                0x0000004a       0x2c CMakeFiles/swift-switch-led.dir/Users/schakra4/Documents/Developer/pico/pico-sdk/src/rp2_common/hardware_gpio/gpio.c.obj
 .ARM.attributes
                0x00000076       0x2c CMakeFiles/swift-switch-led.dir/Users/schakra4/Documents/Developer/pico/pico-sdk/src/rp2_common/pico_platform/platform.c.obj
 .ARM.attributes
                0x000000a2       0x2c CMakeFiles/swift-switch-led.dir/Users/schakra4/Documents/Developer/pico/pico-sdk/src/rp2_common/hardware_claim/claim.c.obj
 .ARM.attributes
                0x000000ce       0x2c CMakeFiles/swift-switch-led.dir/Users/schakra4/Documents/Developer/pico/pico-sdk/src/rp2_common/hardware_sync/sync.c.obj
 .ARM.attributes
                0x000000fa       0x2c CMakeFiles/swift-switch-led.dir/Users/schakra4/Documents/Developer/pico/pico-sdk/src/rp2_common/hardware_irq/irq.c.obj
 .ARM.attributes
                0x00000126       0x22 CMakeFiles/swift-switch-led.dir/Users/schakra4/Documents/Developer/pico/pico-sdk/src/rp2_common/hardware_irq/irq_handler_chain.S.obj
 .ARM.attributes
                0x00000148       0x2c CMakeFiles/swift-switch-led.dir/Users/schakra4/Documents/Developer/pico/pico-sdk/src/common/pico_sync/lock_core.c.obj
 .ARM.attributes
                0x00000174       0x2c CMakeFiles/swift-switch-led.dir/Users/schakra4/Documents/Developer/pico/pico-sdk/src/common/pico_sync/mutex.c.obj
 .ARM.attributes
                0x000001a0       0x2c CMakeFiles/swift-switch-led.dir/Users/schakra4/Documents/Developer/pico/pico-sdk/src/common/pico_time/time.c.obj
 .ARM.attributes
                0x000001cc       0x2c CMakeFiles/swift-switch-led.dir/Users/schakra4/Documents/Developer/pico/pico-sdk/src/rp2_common/hardware_timer/timer.c.obj
 .ARM.attributes
                0x000001f8       0x2c CMakeFiles/swift-switch-led.dir/Users/schakra4/Documents/Developer/pico/pico-sdk/src/common/pico_util/pheap.c.obj
 .ARM.attributes
                0x00000224       0x2c CMakeFiles/swift-switch-led.dir/Users/schakra4/Documents/Developer/pico/pico-sdk/src/rp2_common/hardware_uart/uart.c.obj
 .ARM.attributes
                0x00000250       0x2c CMakeFiles/swift-switch-led.dir/Users/schakra4/Documents/Developer/pico/pico-sdk/src/rp2_common/hardware_clocks/clocks.c.obj
 .ARM.attributes
                0x0000027c       0x2c CMakeFiles/swift-switch-led.dir/Users/schakra4/Documents/Developer/pico/pico-sdk/src/rp2_common/hardware_pll/pll.c.obj
 .ARM.attributes
                0x000002a8       0x2c CMakeFiles/swift-switch-led.dir/Users/schakra4/Documents/Developer/pico/pico-sdk/src/rp2_common/hardware_watchdog/watchdog.c.obj
 .ARM.attributes
                0x000002d4       0x2c CMakeFiles/swift-switch-led.dir/Users/schakra4/Documents/Developer/pico/pico-sdk/src/rp2_common/hardware_xosc/xosc.c.obj
 .ARM.attributes
                0x00000300       0x2c CMakeFiles/swift-switch-led.dir/Users/schakra4/Documents/Developer/pico/pico-sdk/src/rp2_common/pico_runtime/runtime.c.obj
 .ARM.attributes
                0x0000032c       0x2c CMakeFiles/swift-switch-led.dir/Users/schakra4/Documents/Developer/pico/pico-sdk/src/rp2_common/pico_printf/printf.c.obj
 .ARM.attributes
                0x00000358       0x22 CMakeFiles/swift-switch-led.dir/Users/schakra4/Documents/Developer/pico/pico-sdk/src/rp2_common/pico_bit_ops/bit_ops_aeabi.S.obj
 .ARM.attributes
                0x0000037a       0x2c CMakeFiles/swift-switch-led.dir/Users/schakra4/Documents/Developer/pico/pico-sdk/src/rp2_common/pico_bootrom/bootrom.c.obj
 .ARM.attributes
                0x000003a6       0x22 CMakeFiles/swift-switch-led.dir/Users/schakra4/Documents/Developer/pico/pico-sdk/src/rp2_common/pico_divider/divider.S.obj
 .ARM.attributes
                0x000003c8       0x22 CMakeFiles/swift-switch-led.dir/Users/schakra4/Documents/Developer/pico/pico-sdk/src/rp2_common/pico_double/double_aeabi.S.obj
 .ARM.attributes
                0x000003ea       0x2c CMakeFiles/swift-switch-led.dir/Users/schakra4/Documents/Developer/pico/pico-sdk/src/rp2_common/pico_double/double_init_rom.c.obj
 .ARM.attributes
                0x00000416       0x22 CMakeFiles/swift-switch-led.dir/Users/schakra4/Documents/Developer/pico/pico-sdk/src/rp2_common/pico_double/double_v1_rom_shim.S.obj
 .ARM.attributes
                0x00000438       0x22 CMakeFiles/swift-switch-led.dir/Users/schakra4/Documents/Developer/pico/pico-sdk/src/rp2_common/pico_int64_ops/pico_int64_ops_aeabi.S.obj
 .ARM.attributes
                0x0000045a       0x22 CMakeFiles/swift-switch-led.dir/Users/schakra4/Documents/Developer/pico/pico-sdk/src/rp2_common/pico_float/float_aeabi.S.obj
 .ARM.attributes
                0x0000047c       0x2c CMakeFiles/swift-switch-led.dir/Users/schakra4/Documents/Developer/pico/pico-sdk/src/rp2_common/pico_float/float_init_rom.c.obj
 .ARM.attributes
                0x000004a8       0x22 CMakeFiles/swift-switch-led.dir/Users/schakra4/Documents/Developer/pico/pico-sdk/src/rp2_common/pico_float/float_v1_rom_shim.S.obj
 .ARM.attributes
                0x000004ca       0x22 CMakeFiles/swift-switch-led.dir/Users/schakra4/Documents/Developer/pico/pico-sdk/src/rp2_common/pico_mem_ops/mem_ops_aeabi.S.obj
 .ARM.attributes
                0x000004ec       0x22 CMakeFiles/swift-switch-led.dir/Users/schakra4/Documents/Developer/pico/pico-sdk/src/rp2_common/pico_standard_link/crt0.S.obj
 .ARM.attributes
                0x0000050e       0x2c CMakeFiles/swift-switch-led.dir/Users/schakra4/Documents/Developer/pico/pico-sdk/src/rp2_common/pico_standard_link/binary_info.c.obj
 .ARM.attributes
                0x0000053a       0x2c CMakeFiles/swift-switch-led.dir/Users/schakra4/Documents/Developer/pico/pico-sdk/src/rp2_common/pico_stdio/stdio.c.obj
 .ARM.attributes
                0x00000566       0x2c CMakeFiles/swift-switch-led.dir/Users/schakra4/Documents/Developer/pico/pico-sdk/src/rp2_common/pico_stdio_uart/stdio_uart.c.obj
 .ARM.attributes
                0x00000592       0x43 _swiftcode.o
 .ARM.attributes
                0x000005d5       0x22 /var/folders/00/j2qhxg1s18g34wlby5rlzh4h0000gr/T//cctGlQqW.o
 .ARM.attributes
                0x000005f7       0x1e /Applications/ArmGNUToolchain/13.2.Rel1/arm-none-eabi/bin/../lib/gcc/arm-none-eabi/13.2.1/thumb/v6-m/nofp/libgcc.a(_dvmd_tls.o)
 .ARM.attributes
                0x00000615       0x2c /Applications/ArmGNUToolchain/13.2.Rel1/arm-none-eabi/bin/../lib/gcc/arm-none-eabi/13.2.1/../../../../arm-none-eabi/lib/thumb/v6-m/nofp/libc.a(libc_a-strlen-stub.o)
 .ARM.attributes
                0x00000641       0x2c /Applications/ArmGNUToolchain/13.2.Rel1/arm-none-eabi/bin/../lib/gcc/arm-none-eabi/13.2.1/../../../../arm-none-eabi/lib/thumb/v6-m/nofp/libc.a(libc_a-stack_protector.o)
 .ARM.attributes
                0x0000066d       0x2c /Applications/ArmGNUToolchain/13.2.Rel1/arm-none-eabi/bin/../lib/gcc/arm-none-eabi/13.2.1/thumb/v6-m/nofp/crtend.o

.comment        0x00000000       0x44
 .comment       0x00000000       0x44 CMakeFiles/swift-switch-led.dir/Users/schakra4/Documents/Developer/pico/pico-sdk/src/rp2_common/hardware_gpio/gpio.c.obj
                                 0x45 (size before relaxing)
 .comment       0x00000044       0x45 CMakeFiles/swift-switch-led.dir/Users/schakra4/Documents/Developer/pico/pico-sdk/src/rp2_common/pico_platform/platform.c.obj
 .comment       0x00000044       0x45 CMakeFiles/swift-switch-led.dir/Users/schakra4/Documents/Developer/pico/pico-sdk/src/rp2_common/hardware_claim/claim.c.obj
 .comment       0x00000044       0x45 CMakeFiles/swift-switch-led.dir/Users/schakra4/Documents/Developer/pico/pico-sdk/src/rp2_common/hardware_sync/sync.c.obj
 .comment       0x00000044       0x45 CMakeFiles/swift-switch-led.dir/Users/schakra4/Documents/Developer/pico/pico-sdk/src/rp2_common/hardware_irq/irq.c.obj
 .comment       0x00000044       0x45 CMakeFiles/swift-switch-led.dir/Users/schakra4/Documents/Developer/pico/pico-sdk/src/common/pico_sync/lock_core.c.obj
 .comment       0x00000044       0x45 CMakeFiles/swift-switch-led.dir/Users/schakra4/Documents/Developer/pico/pico-sdk/src/common/pico_sync/mutex.c.obj
 .comment       0x00000044       0x45 CMakeFiles/swift-switch-led.dir/Users/schakra4/Documents/Developer/pico/pico-sdk/src/common/pico_time/time.c.obj
 .comment       0x00000044       0x45 CMakeFiles/swift-switch-led.dir/Users/schakra4/Documents/Developer/pico/pico-sdk/src/rp2_common/hardware_timer/timer.c.obj
 .comment       0x00000044       0x45 CMakeFiles/swift-switch-led.dir/Users/schakra4/Documents/Developer/pico/pico-sdk/src/common/pico_util/pheap.c.obj
 .comment       0x00000044       0x45 CMakeFiles/swift-switch-led.dir/Users/schakra4/Documents/Developer/pico/pico-sdk/src/rp2_common/hardware_uart/uart.c.obj
 .comment       0x00000044       0x45 CMakeFiles/swift-switch-led.dir/Users/schakra4/Documents/Developer/pico/pico-sdk/src/rp2_common/hardware_clocks/clocks.c.obj
 .comment       0x00000044       0x45 CMakeFiles/swift-switch-led.dir/Users/schakra4/Documents/Developer/pico/pico-sdk/src/rp2_common/hardware_pll/pll.c.obj
 .comment       0x00000044       0x45 CMakeFiles/swift-switch-led.dir/Users/schakra4/Documents/Developer/pico/pico-sdk/src/rp2_common/hardware_watchdog/watchdog.c.obj
 .comment       0x00000044       0x45 CMakeFiles/swift-switch-led.dir/Users/schakra4/Documents/Developer/pico/pico-sdk/src/rp2_common/hardware_xosc/xosc.c.obj
 .comment       0x00000044       0x45 CMakeFiles/swift-switch-led.dir/Users/schakra4/Documents/Developer/pico/pico-sdk/src/rp2_common/pico_runtime/runtime.c.obj
 .comment       0x00000044       0x45 CMakeFiles/swift-switch-led.dir/Users/schakra4/Documents/Developer/pico/pico-sdk/src/rp2_common/pico_printf/printf.c.obj
 .comment       0x00000044       0x45 CMakeFiles/swift-switch-led.dir/Users/schakra4/Documents/Developer/pico/pico-sdk/src/rp2_common/pico_bootrom/bootrom.c.obj
 .comment       0x00000044       0x45 CMakeFiles/swift-switch-led.dir/Users/schakra4/Documents/Developer/pico/pico-sdk/src/rp2_common/pico_double/double_init_rom.c.obj
 .comment       0x00000044       0x45 CMakeFiles/swift-switch-led.dir/Users/schakra4/Documents/Developer/pico/pico-sdk/src/rp2_common/pico_float/float_init_rom.c.obj
 .comment       0x00000044       0x45 CMakeFiles/swift-switch-led.dir/Users/schakra4/Documents/Developer/pico/pico-sdk/src/rp2_common/pico_standard_link/binary_info.c.obj
 .comment       0x00000044       0x45 CMakeFiles/swift-switch-led.dir/Users/schakra4/Documents/Developer/pico/pico-sdk/src/rp2_common/pico_stdio/stdio.c.obj
 .comment       0x00000044       0x45 CMakeFiles/swift-switch-led.dir/Users/schakra4/Documents/Developer/pico/pico-sdk/src/rp2_common/pico_stdio_uart/stdio_uart.c.obj

.note.GNU-stack
                0x00000000        0x0
 .note.GNU-stack
                0x00000000        0x0 _swiftcode.o

.debug_line_str
                0x00000000       0xd2
 .debug_line_str
                0x00000000       0xd2 /Applications/ArmGNUToolchain/13.2.Rel1/arm-none-eabi/bin/../lib/gcc/arm-none-eabi/13.2.1/thumb/v6-m/nofp/libgcc.a(_dvmd_tls.o)

.debug_frame    0x00000000       0x7c
 .debug_frame   0x00000000       0x28 /Applications/ArmGNUToolchain/13.2.Rel1/arm-none-eabi/bin/../lib/gcc/arm-none-eabi/13.2.1/../../../../arm-none-eabi/lib/thumb/v6-m/nofp/libc.a(libc_a-strlen-stub.o)
 .debug_frame   0x00000028       0x54 /Applications/ArmGNUToolchain/13.2.Rel1/arm-none-eabi/bin/../lib/gcc/arm-none-eabi/13.2.1/../../../../arm-none-eabi/lib/thumb/v6-m/nofp/libc.a(libc_a-stack_protector.o)
